Warning: You are sending unauthenticated requests to the HF Hub. Please set a HF_TOKEN to enable higher rate limits and faster downloads.
Loading weights:   0%|          | 0/398 [00:00<?, ?it/s]Loading weights:  35%|███▍      | 139/398 [00:00<00:00, 1334.11it/s]Loading weights:  69%|██████▊   | 273/398 [00:00<00:00, 304.95it/s] Loading weights:  85%|████████▌ | 340/398 [00:01<00:00, 307.16it/s]Loading weights: 100%|██████████| 398/398 [00:01<00:00, 381.50it/s]
Fetching 1 files:   0%|          | 0/1 [00:00<?, ?it/s]Fetching 1 files: 100%|██████████| 1/1 [00:00<00:00, 137.91it/s]
EM gate n=28 band=[27,31] k=10 exclude_topk=10 random_seeds=(0, 1, 2)
amazon-language clean correct=False ans='Spanish'
atomic-26-symbol clean correct=True ans='Fe'
atomic-29-flame clean correct=False ans='Blue'
atomic-29-symbol clean correct=True ans='Cu'
atomic-79-symbol clean correct=True ans='Au'
atomic-80-state clean correct=False ans='Solid'
basketball-players clean correct=False ans='11'
carnival-ocean clean correct=True ans='Atlantic Ocean'
christmas-season clean correct=True ans='Winter'
colosseum-currency clean correct=True ans='Euro'
greatwall-ocean clean correct=False ans='Atlantic Ocean'
holiday-christmas-monthnum clean correct=True ans='12'
holiday-halloween-monthnum clean correct=False ans='October'
holiday-independence-monthnum clean correct=True ans='7'
holiday-valentines-monthnum clean correct=True ans='2'
louvre-language clean correct=True ans='French'
mars-color clean correct=False ans='Orange'
osu-rival-mascot clean correct=False ans='Boomer'
paper-continent clean correct=True ans='Asia'
planet-3-moons clean correct=True ans='1'
spaceneedle-border clean correct=False ans='Washington state'
spider-legs clean correct=True ans='8'
super-largest-country-capital clean correct=False ans='Russia'
super-largest-island-nation clean correct=False ans='Honduras'
super-populous-capital clean correct=True ans='Beijing'
super-smallest-continent clean correct=True ans='Europe'
tajmahal-continent clean correct=False ans='India'
topeka-west clean correct=False ans='Kansas'
amazon-language jspace correct=True ans='Portuguese'
amazon-language random seed=0 correct=False ans='Spanish'
amazon-language random seed=1 correct=False ans='Spanish'
amazon-language random seed=2 correct=False ans='Spanish'
atomic-26-symbol jspace correct=True ans='Fe'
atomic-26-symbol random seed=0 correct=True ans='Fe'
atomic-26-symbol random seed=1 correct=True ans='Fe'
atomic-26-symbol random seed=2 correct=True ans='Fe'
atomic-29-flame jspace correct=False ans='blue'
atomic-29-flame random seed=0 correct=False ans='orange'
atomic-29-flame random seed=1 correct=False ans='blue'
atomic-29-flame random seed=2 correct=True ans='green'
atomic-29-symbol jspace correct=False ans='Fe'
atomic-29-symbol random seed=0 correct=True ans='Cu'
atomic-29-symbol random seed=1 correct=True ans='Cu'
atomic-29-symbol random seed=2 correct=True ans='Cu'
atomic-79-symbol jspace correct=True ans='Au'
atomic-79-symbol random seed=0 correct=True ans='Au'
atomic-79-symbol random seed=1 correct=True ans='Au'
atomic-79-symbol random seed=2 correct=True ans='Au'
atomic-80-state jspace correct=False ans='Tungsten is a solid at room temperature'
atomic-80-state random seed=0 correct=False ans='Solid'
atomic-80-state random seed=1 correct=False ans='Solid'
atomic-80-state random seed=2 correct=False ans='Solid'
basketball-players jspace correct=False ans='11'
basketball-players random seed=0 correct=False ans='11'
basketball-players random seed=1 correct=False ans='11'
basketball-players random seed=2 correct=False ans='11'
carnival-ocean jspace correct=True ans='Atlantic Ocean'
carnival-ocean random seed=0 correct=True ans='Atlantic Ocean'
carnival-ocean random seed=1 correct=True ans='Atlantic Ocean'
carnival-ocean random seed=2 correct=True ans='Atlantic Ocean'
christmas-season jspace correct=False ans='The season when the holiday with a decorated tree occurs is the season of the holiday'
christmas-season random seed=0 correct=True ans='Winter'
christmas-season random seed=1 correct=True ans='Winter'
christmas-season random seed=2 correct=True ans='Winter'
colosseum-currency jspace correct=False ans='Roman coin'
colosseum-currency random seed=0 correct=True ans='Euro'
colosseum-currency random seed=1 correct=True ans='Euro'
colosseum-currency random seed=2 correct=False ans='Euros'
greatwall-ocean jspace correct=False ans='Atlantic Ocean'
greatwall-ocean random seed=0 correct=False ans='Atlantic Ocean'
greatwall-ocean random seed=1 correct=False ans='Atlantic Ocean'
greatwall-ocean random seed=2 correct=False ans='Atlantic Ocean'
holiday-christmas-monthnum jspace correct=True ans='12'
holiday-christmas-monthnum random seed=0 correct=True ans='12'
holiday-christmas-monthnum random seed=1 correct=True ans='12'
holiday-christmas-monthnum random seed=2 correct=True ans='12'
holiday-halloween-monthnum jspace correct=True ans='10'
holiday-halloween-monthnum random seed=0 correct=False ans='October'
holiday-halloween-monthnum random seed=1 correct=False ans='October'
holiday-halloween-monthnum random seed=2 correct=True ans='10'
holiday-independence-monthnum jspace correct=True ans='7'
holiday-independence-monthnum random seed=0 correct=True ans='7'
holiday-independence-monthnum random seed=1 correct=True ans='7'
holiday-independence-monthnum random seed=2 correct=True ans='7'
holiday-valentines-monthnum jspace correct=False ans='14'
holiday-valentines-monthnum random seed=0 correct=False ans='14'
holiday-valentines-monthnum random seed=1 correct=False ans='February'
holiday-valentines-monthnum random seed=2 correct=True ans='2'
louvre-language jspace correct=True ans='French'
louvre-language random seed=0 correct=True ans='French'
louvre-language random seed=1 correct=True ans='French'
louvre-language random seed=2 correct=True ans='French'
mars-color jspace correct=False ans='The color of the planet fourth from the Sun is orange'
mars-color random seed=0 correct=True ans='Red'
mars-color random seed=1 correct=False ans='Orange'
mars-color random seed=2 correct=False ans='Earth'
osu-rival-mascot jspace correct=False ans='wolf'
osu-rival-mascot random seed=0 correct=False ans='Buckeye'
osu-rival-mascot random seed=1 correct=False ans='The mascot of the college football rival of Ohio State is a Buckeye'
osu-rival-mascot random seed=2 correct=False ans='Boo Bear'
paper-continent jspace correct=True ans='Asia'
paper-continent random seed=0 correct=True ans='Asia'
paper-continent random seed=1 correct=True ans='Asia'
paper-continent random seed=2 correct=True ans='Asia'
planet-3-moons jspace correct=True ans='1'
planet-3-moons random seed=0 correct=True ans='1'
planet-3-moons random seed=1 correct=True ans='1'
planet-3-moons random seed=2 correct=True ans='1'
spaceneedle-border jspace correct=False ans='Washington'
spaceneedle-border random seed=0 correct=False ans='Washington state'
spaceneedle-border random seed=1 correct=False ans='Washington state'
spaceneedle-border random seed=2 correct=False ans='Washington state'
spider-legs jspace correct=True ans='8'
spider-legs random seed=0 correct=True ans='8'
spider-legs random seed=1 correct=True ans='8'
spider-legs random seed=2 correct=True ans='8'
super-largest-country-capital jspace correct=False ans='Vatican City'
super-largest-country-capital random seed=0 correct=False ans='Russia'
super-largest-country-capital random seed=1 correct=True ans="Russia's capital city is Moscow"
super-largest-country-capital random seed=2 correct=False ans='Washington, D.C'
super-largest-island-nation jspace correct=False ans='New Guinea'
super-largest-island-nation random seed=0 correct=False ans='Maldives'
super-largest-island-nation random seed=1 correct=False ans='Hawaii'
super-largest-island-nation random seed=2 correct=False ans='Hawaii'
super-populous-capital jspace correct=False ans='London'
super-populous-capital random seed=0 correct=True ans='Beijing'
super-populous-capital random seed=1 correct=False ans='Washington, D.C'
super-populous-capital random seed=2 correct=True ans='Beijing'
super-smallest-continent jspace correct=False ans='South America'
super-smallest-continent random seed=0 correct=True ans='Europe'
super-smallest-continent random seed=1 correct=True ans='Europe'
super-smallest-continent random seed=2 correct=True ans='Europe'
tajmahal-continent jspace correct=False ans='Mumuc'
tajmahal-continent random seed=0 correct=False ans='India'
tajmahal-continent random seed=1 correct=False ans='India'
tajmahal-continent random seed=2 correct=True ans='Asia'
topeka-west jspace correct=False ans='Kansas is the state west of the state with Topeka as its capital'
topeka-west random seed=0 correct=False ans='Kansas'
topeka-west random seed=1 correct=False ans='Kansas'
topeka-west random seed=2 correct=False ans='Kansas is the state west of the state with Topeka as its capital'
{
  "n_requested": 28,
  "n_eval": 28,
  "require_clean_correct": false,
  "eval_ids": [
    "amazon-language",
    "atomic-26-symbol",
    "atomic-29-flame",
    "atomic-29-symbol",
    "atomic-79-symbol",
    "atomic-80-state",
    "basketball-players",
    "carnival-ocean",
    "christmas-season",
    "colosseum-currency",
    "greatwall-ocean",
    "holiday-christmas-monthnum",
    "holiday-halloween-monthnum",
    "holiday-independence-monthnum",
    "holiday-valentines-monthnum",
    "louvre-language",
    "mars-color",
    "osu-rival-mascot",
    "paper-continent",
    "planet-3-moons",
    "spaceneedle-border",
    "spider-legs",
    "super-largest-country-capital",
    "super-largest-island-nation",
    "super-populous-capital",
    "super-smallest-continent",
    "tajmahal-continent",
    "topeka-west"
  ],
  "band_start": 27,
  "band_end": 31,
  "k": 10,
  "exclude_topk": 10,
  "random_seeds": [
    0,
    1,
    2
  ],
  "clean_accuracy": 0.5357142857142857,
  "j_ablated_accuracy": 0.39285714285714285,
  "random_accuracy_mean": 0.5476190476190476,
  "random_accuracy_by_seed": {
    "0": 0.5357142857142857,
    "1": 0.5,
    "2": 0.6071428571428571
  },
  "j_drop": 0.14285714285714285,
  "random_drop": -0.011904761904761862,
  "j_over_random": 0.1547619047619047,
  "min_j_drop": 0.3,
  "min_j_over_random": 0.1,
  "verdict": "no_reliable_j_em_drop",
  "gate_pass": false
}
wrote /root/j-space-cot-ablation/results/gates/multihop_em_full_b27-31_summary.json
GATE FAIL: need high clean EM, J drop ≥ threshold, and J ≫ random.
