Warning: You are sending unauthenticated requests to the HF Hub. Please set a HF_TOKEN to enable higher rate limits and faster downloads.
Loading weights:   0%|          | 0/398 [00:00<?, ?it/s]Loading weights: 100%|██████████| 398/398 [00:00<00:00, 9546.90it/s]
Fetching 1 files:   0%|          | 0/1 [00:00<?, ?it/s]Fetching 1 files: 100%|██████████| 1/1 [00:00<00:00, 2483.31it/s]
instrument suite n=10 band=[27,33] k=10 exclude_topk=10 vs 0
[1/10] amazon-language
amazon-language: clean='Spanish' ex10='Spanish' ex0='Spanish' surv_mean=9.92 Δh=69.53
[2/10] atomic-26-symbol
atomic-26-symbol: clean='Fe' ex10='Fe' ex0='Fe' surv_mean=9.90 Δh=70.29
[3/10] atomic-29-flame
atomic-29-flame: clean='Blue' ex10='blue-green color' ex0='blue-green color' surv_mean=9.95 Δh=67.58
[4/10] atomic-29-symbol
atomic-29-symbol: clean='Cu' ex10='Cu' ex0='Cu' surv_mean=9.92 Δh=70.33
[5/10] atomic-79-symbol
atomic-79-symbol: clean='Au' ex10='Au' ex0='Au' surv_mean=9.90 Δh=70.31
[6/10] atomic-80-state
atomic-80-state: clean='Solid' ex10='solid' ex0='solid' surv_mean=9.93 Δh=66.66
[7/10] basketball-players
basketball-players: clean='11' ex10='Nine' ex0='- - - - - - - - - - - - - - - - - - - - - - - - - - - - - - - - - - - - - - - - - - - - - - - - - - - - - - - - - - - - - - - -' surv_mean=9.94 Δh=67.66
[8/10] carnival-ocean
carnival-ocean: clean='Atlantic Ocean' ex10='Atlantic Ocean' ex0='Atlantic Ocean' surv_mean=9.94 Δh=67.13
[9/10] christmas-season
christmas-season: clean='Winter' ex10='Winter season' ex0='Winter season' surv_mean=9.94 Δh=69.77
[10/10] colosseum-currency
colosseum-currency: clean='Euro' ex10='Euro' ex0='Euro' surv_mean=9.94 Δh=68.22
{
  "n": 10,
  "band_start": 27,
  "band_end": 33,
  "k": 10,
  "verdicts": {
    "survival_exclude": "mechanically_active",
    "survival_no_exclude": "mechanically_active",
    "exclude_ab": "no_em_drop_either_way",
    "logprob_bite_exclude": "gold_lp_improved_under_ablation",
    "logprob_bite_no_exclude": "gold_lp_improved_under_ablation"
  },
  "survival_exclude": {
    "n_steps": 3563,
    "mean_n_active": 10.0,
    "mean_n_survivors": 9.929273084479371,
    "mean_survivor_fraction": 0.9929273084479372,
    "fraction_zero_survivors": 0.0,
    "mean_delta_h_norm": 68.6947041176157,
    "median_delta_h_norm": 32.84495162963867,
    "fraction_near_zero_delta": 0.0,
    "near_zero_eps": 1e-06
  },
  "survival_no_exclude": {
    "n_steps": 3997,
    "mean_n_active": 10.0,
    "mean_n_survivors": 10.0,
    "mean_survivor_fraction": 1.0,
    "fraction_zero_survivors": 0.0,
    "mean_delta_h_norm": 64.44514421525525,
    "median_delta_h_norm": 32.52550506591797,
    "fraction_near_zero_delta": 0.0,
    "near_zero_eps": 1e-06
  },
  "exclude_ab": {
    "exclude_topk": 10,
    "n": 10,
    "clean_accuracy": 0.6,
    "ablated_accuracy": 0.7,
    "drop": -0.09999999999999998
  },
  "no_exclude_ab": {
    "exclude_topk": 0,
    "n": 10,
    "clean_accuracy": 0.6,
    "ablated_accuracy": 0.7,
    "drop": -0.09999999999999998
  },
  "logprob_bite_exclude": {
    "n_pairs": 10,
    "n_with_gold": 10,
    "n_matched_answers": 7,
    "mean_gold_lp_delta": -0.10534251928329467,
    "fraction_gold_bite": 0.8,
    "mean_matched_gen_lp_delta": 0.17874216215268,
    "fraction_matched_gen_bite": 0.8571428571428571
  },
  "logprob_bite_no_exclude": {
    "n_pairs": 10,
    "n_with_gold": 10,
    "n_matched_answers": 7,
    "mean_gold_lp_delta": -0.3653990785280864,
    "fraction_gold_bite": 0.7,
    "mean_matched_gen_lp_delta": 0.15679868379545578,
    "fraction_matched_gen_bite": 1.0
  }
}
wrote /root/j-space-cot-ablation/results/diagnostics/instrument_probes_1_3.json
